
> sheafy@0.1.0 test
> vitest run


[1m[46m RUN [49m[22m [36mv4.1.2 [39m[90mC:/Users/karto/Desktop/StreamNotes/StreamNotes[39m

 [31mтЭп[39m src/__tests__/db/rescueOrphans.test.ts [2m([22m[2m10 tests[22m[2m | [22m[31m10 failed[39m[2m)[22m[32m 97[2mms[22m[39m
[31m     [31m├Ч[31m linear chain: A тЖТ B тЖТ C is left intact[39m[32m 6[2mms[22m[39m
[31m     [31m├Ч[31m flat list (all roots) is left intact[39m[32m 1[2mms[22m[39m
[31m     [31m├Ч[31m deep tree (5 levels) is left intact[39m[32m 1[2mms[22m[39m
[31m     [31m├Ч[31m multiple independent trees are left intact[39m[32m 1[2mms[22m[39m
[31m     [31m├Ч[31m simple cycle A тЖТ B тЖТ A is broken[39m[32m 2[2mms[22m[39m
[31m     [31m├Ч[31m self-loop A тЖТ A is broken[39m[32m 1[2mms[22m[39m
[31m     [31m├Ч[31m three-node cycle A тЖТ B тЖТ C тЖТ A is broken[39m[32m 1[2mms[22m[39m
[31m     [31m├Ч[31m cycle mixed with valid subtree: only the cycle node is fixed[39m[32m 1[2mms[22m[39m
[31m     [31m├Ч[31m handles 1000 nodes without blowing the stack[39m[32m 81[2mms[22m[39m
[31m     [31m├Ч[31m after sync merge introducing cycle: all cycles are broken[39m[32m 1[2mms[22m[39m
 [31mтЭп[39m src/__tests__/ui/Feed.test.tsx [2m([22m[2m20 tests[22m[2m | [22m[31m20 failed[39m[2m)[22m[32m 68[2mms[22m[39m
[31m     [31m├Ч[31m shows empty-state message when there are no notes[39m[32m 32[2mms[22m[39m
[31m     [31m├Ч[31m does not render any NoteCard when notes is empty[39m[32m 2[2mms[22m[39m
[31m     [31m├Ч[31m renders one NoteCard per note[39m[32m 1[2mms[22m[39m
[31m     [31m├Ч[31m renders NoteCards with correct note ids[39m[32m 1[2mms[22m[39m
[31m     [31m├Ч[31m shows collapse/expand toolbar button[39m[32m 1[2mms[22m[39m
[31m     [31m├Ч[31m shows "╨Э╨╕╤З╨╡╨│╨╛ ╨╜╨╡ ╨╜╨░╨╣╨┤╨╡╨╜╨╛" when search matches nothing[39m[32m 1[2mms[22m[39m
[31m     [31m├Ч[31m shows matching note when search query matches content[39m[32m 1[2mms[22m[39m
[31m     [31m├Ч[31m is case-insensitive[39m[32m 1[2mms[22m[39m
[31m     [31m├Ч[31m shows all notes when search query is empty[39m[32m 1[2mms[22m[39m
[31m     [31m├Ч[31m shows only notes that contain the selected tag[39m[32m 1[2mms[22m[39m
[31m     [31m├Ч[31m shows "╨Э╨╕╤З╨╡╨│╨╛ ╨╜╨╡ ╨╜╨░╨╣╨┤╨╡╨╜╨╛" when no notes match the tag[39m[32m 1[2mms[22m[39m
[31m     [31m├Ч[31m shows only notes from the selected date[39m[32m 1[2mms[22m[39m
[31m     [31m├Ч[31m shows context menu on right-click of a NoteCard[39m[32m 5[2mms[22m[39m
[31m     [31m├Ч[31m closes context menu when clicking the overlay[39m[32m 1[2mms[22m[39m
[31m     [31m├Ч[31m shows delete confirmation modal when "╨г╨┤╨░╨╗╨╕╤В╤М" is clicked in context menu[39m[32m 1[2mms[22m[39m
[31m     [31m├Ч[31m cancels delete confirmation without calling db.exec[39m[32m 1[2mms[22m[39m
[31m     [31m├Ч[31m calls db.exec to soft-delete when confirm is clicked[39m[32m 1[2mms[22m[39m
[31m     [31m├Ч[31m toggles "╨б╨▓╨╡╤А╨╜╤Г╤В╤М ╨▓╤Б╤С" тЖТ "╨а╨░╨╖╨▓╨╡╤А╨╜╤Г╤В╤М ╨▓╤Б╤С" after click[39m[32m 1[2mms[22m[39m
[31m     [31m├Ч[31m restores "╨б╨▓╨╡╤А╨╜╤Г╤В╤М ╨▓╤Б╤С" on second click[39m[32m 1[2mms[22m[39m
[31m     [31m├Ч[31m renders 100 notes without throwing[39m[32m 5[2mms[22m[39m
 [32mтЬУ[39m src/__tests__/sharing/invitePayload.test.ts [2m([22m[2m16 tests[22m[2m)[22m[33m 648[2mms[22m[39m
 [31mтЭп[39m src/__tests__/ui/AttachmentDisplay.test.tsx [2m([22m[2m21 tests[22m[2m | [22m[31m2 failed[39m[2m)[22m[33m 342[2mms[22m[39m
     [32mтЬУ[39m shows filename with ellipsis while URL is resolving[32m 26[2mms[22m[39m
     [32mтЬУ[39m does not show download link yet[32m 3[2mms[22m[39m
     [32mтЬУ[39m shows error message with filename after rejection[32m 9[2mms[22m[39m
     [32mтЬУ[39m error state element has error styling indicator (тЪа)[32m 21[2mms[22m[39m
     [32mтЬУ[39m renders an <img> element with the resolved URL[32m 37[2mms[22m[39m
     [32mтЬУ[39m uses the file name as alt text[32m 12[2mms[22m[39m
[31m     [31m├Ч[31m shows Lightbox when image is clicked[39m[32m 24[2mms[22m[39m
[31m     [31m├Ч[31m closes Lightbox when its close button is clicked[39m[32m 14[2mms[22m[39m
     [32mтЬУ[39m switches to error state when <img> fires onError[32m 30[2mms[22m[39m
     [32mтЬУ[39m renders a <video> element with the resolved src[32m 8[2mms[22m[39m
     [32mтЬУ[39m video element has controls attribute[32m 11[2mms[22m[39m
     [32mтЬУ[39m displays the file name[32m 15[2mms[22m[39m
     [32mтЬУ[39m displays formatted file size[32m 16[2mms[22m[39m
     [32mтЬУ[39m displays file size in MB for large files[32m 21[2mms[22m[39m
     [32mтЬУ[39m renders a download link with correct href and download attributes[32m 12[2mms[22m[39m
     [32mтЬУ[39m handles empty file name without crashing[32m 10[2mms[22m[39m
     [32mтЬУ[39m handles zero-byte file size[32m 22[2mms[22m[39m
     [32mтЬУ[39m renders extremely long file name (overflow handled by CSS)[32m 16[2mms[22m[39m
     [32mтЬУ[39m renders correctly inside a grid (inGrid=true removes margin)[32m 8[2mms[22m[39m
     [32mтЬУ[39m download anchor has title "Download"[32m 8[2mms[22m[39m
     [32mтЬУ[39m image has meaningful alt text from file name[32m 16[2mms[22m[39m
 [32mтЬУ[39m src/__tests__/crypto/keys.test.ts [2m([22m[2m14 tests[22m[2m)[22m[33m 378[2mms[22m[39m
 [32mтЬУ[39m src/__tests__/crypto/feedEncryption.test.ts [2m([22m[2m11 tests[22m[2m)[22m[33m 390[2mms[22m[39m
[90mstdout[2m | src/__tests__/sync/syncEngine.test.ts[2m > [22m[2mSyncEngine тАФ local-loopback[2m > [22m[2mpropagates a local change from A to B
[22m[39m[sync] start тАФ relays: [ [32m'wss://fake'[39m ] | starting from db_version: [33m0[39m

[90mstdout[2m | src/__tests__/sync/syncEngine.test.ts[2m > [22m[2mSyncEngine тАФ local-loopback[2m > [22m[2mpropagates a local change from A to B
[22m[39m[sync] start тАФ relays: [ [32m'wss://fake'[39m ] | starting from db_version: [33m0[39m

[90mstdout[2m | src/__tests__/sync/syncEngine.test.ts[2m > [22m[2mSyncEngine тАФ local-loopback[2m > [22m[2mpropagates a local change from A to B
[22m[39m[sync] capturing [33m1[39m rows, new db_version: [33m1[39m

[90mstdout[2m | src/__tests__/sync/syncEngine.test.ts[2m > [22m[2mSyncEngine тАФ local-loopback[2m > [22m[2mpropagates a local change from A to B
[22m[39m[sync] applying [33m1[39m rows from event 94807f8ff4c2

[90mstdout[2m | src/__tests__/sync/syncEngine.test.ts[2m > [22m[2mSyncEngine тАФ local-loopback[2m > [22m[2mpropagates a local change from A to B
[22m[39m[sync] published to [33m1[39m channels

[90mstdout[2m | src/__tests__/sync/syncEngine.test.ts[2m > [22m[2mSyncEngine тАФ local-loopback[2m > [22m[2mdoes not re-apply own published events on the publishing device
[22m[39m[sync] start тАФ relays: [ [32m'wss://fake'[39m ] | starting from db_version: [33m0[39m

[90mstdout[2m | src/__tests__/sync/syncEngine.test.ts[2m > [22m[2mSyncEngine тАФ local-loopback[2m > [22m[2mdoes not re-apply own published events on the publishing device
[22m[39m[sync] start тАФ relays: [ [32m'wss://fake'[39m ] | starting from db_version: [33m0[39m

[90mstdout[2m | src/__tests__/sync/syncEngine.test.ts[2m > [22m[2mSyncEngine тАФ local-loopback[2m > [22m[2mdoes not re-apply own published events on the publishing device
[22m[39m[sync] capturing [33m1[39m rows, new db_version: [33m2[39m

[90mstdout[2m | src/__tests__/sync/syncEngine.test.ts[2m > [22m[2mSyncEngine тАФ local-loopback[2m > [22m[2mdoes not re-apply own published events on the publishing device
[22m[39m[sync] applying [33m1[39m rows from event 5ea7bb812e00

[90mstdout[2m | src/__tests__/sync/syncEngine.test.ts[2m > [22m[2mSyncEngine тАФ local-loopback[2m > [22m[2mdoes not re-apply own published events on the publishing device
[22m[39m[sync] published to [33m1[39m channels

 [32mтЬУ[39m src/__tests__/sync/eventCodec.test.ts [2m([22m[2m8 tests[22m[2m)[22m[32m 64[2mms[22m[39m
[90mstdout[2m | src/__tests__/sync/syncEngine.test.ts[2m > [22m[2mSyncEngine тАФ local-loopback[2m > [22m[2mignores duplicate event deliveries
[22m[39m[sync] start тАФ relays: [ [32m'wss://fake'[39m ] | starting from db_version: [33m0[39m

[90mstdout[2m | src/__tests__/sync/syncEngine.test.ts[2m > [22m[2mSyncEngine тАФ local-loopback[2m > [22m[2mignores duplicate event deliveries
[22m[39m[sync] start тАФ relays: [ [32m'wss://fake'[39m ] | starting from db_version: [33m0[39m

[90mstdout[2m | src/__tests__/sync/syncEngine.test.ts[2m > [22m[2mSyncEngine тАФ local-loopback[2m > [22m[2mignores duplicate event deliveries
[22m[39m[sync] capturing [33m1[39m rows, new db_version: [33m3[39m

[90mstdout[2m | src/__tests__/sync/syncEngine.test.ts[2m > [22m[2mSyncEngine тАФ local-loopback[2m > [22m[2mignores duplicate event deliveries
[22m[39m[sync] applying [33m1[39m rows from event 2a788bbff033

[90mstdout[2m | src/__tests__/sync/syncEngine.test.ts[2m > [22m[2mSyncEngine тАФ local-loopback[2m > [22m[2mignores duplicate event deliveries
[22m[39m[sync] published to [33m1[39m channels

[90mstdout[2m | src/__tests__/sync/syncEngine.test.ts[2m > [22m[2mSyncEngine тАФ local-loopback[2m > [22m[2mproduces events of the right kind and channel tag
[22m[39m[sync] start тАФ relays: [ [32m'wss://fake'[39m ] | starting from db_version: [33m0[39m

[90mstdout[2m | src/__tests__/sync/syncEngine.test.ts[2m > [22m[2mSyncEngine тАФ local-loopback[2m > [22m[2mproduces events of the right kind and channel tag
[22m[39m[sync] start тАФ relays: [ [32m'wss://fake'[39m ] | starting from db_version: [33m0[39m

[90mstdout[2m | src/__tests__/sync/syncEngine.test.ts[2m > [22m[2mSyncEngine тАФ local-loopback[2m > [22m[2mproduces events of the right kind and channel tag
[22m[39m[sync] capturing [33m1[39m rows, new db_version: [33m4[39m

[90mstdout[2m | src/__tests__/sync/syncEngine.test.ts[2m > [22m[2mSyncEngine тАФ local-loopback[2m > [22m[2mproduces events of the right kind and channel tag
[22m[39m[sync] applying [33m1[39m rows from event 1e47d5378aee

[90mstdout[2m | src/__tests__/sync/syncEngine.test.ts[2m > [22m[2mSyncEngine тАФ local-loopback[2m > [22m[2mproduces events of the right kind and channel tag
[22m[39m[sync] published to [33m1[39m channels

 [32mтЬУ[39m src/__tests__/sync/syncEngine.test.ts [2m([22m[2m4 tests[22m[2m)[22m[32m 247[2mms[22m[39m
 [32mтЬУ[39m src/__tests__/crypto/cipher.test.ts [2m([22m[2m12 tests[22m[2m)[22m[32m 39[2mms[22m[39m
 [32mтЬУ[39m src/__tests__/db/schema.test.ts [2m([22m[2m13 tests[22m[2m)[22m[32m 7[2mms[22m[39m
 [32mтЬУ[39m src/__tests__/ui/NoteCard.test.tsx [2m([22m[2m27 tests[22m[2m)[22m[33m 361[2mms[22m[39m

[2m Test Files [22m [1m[31m3 failed[39m[22m[2m | [22m[1m[32m8 passed[39m[22m[90m (11)[39m
[2m      Tests [22m [1m[31m32 failed[39m[22m[2m | [22m[1m[32m124 passed[39m[22m[90m (156)[39m
[2m   Start at [22m 22:08:40
[2m   Duration [22m 4.02s[2m (transform 538ms, setup 120ms, import 2.18s, tests 2.64s, environment 2.31s)[22m

